{
    "Should run without failures": {
        "content": [
            {
                "0": [
                    "Run\nSRR14710930\nSRR14710929\nSRR14710918\nSRR14710907\nSRR14710896\nSRR14710887\nSRR14710886\nSRR14710885\nSRR14710884\nSRR14710883\nSRR14710928\nSRR14710927\nSRR14710926\nSRR14710925\nSRR14710924\nSRR14710923\nSRR14710922\nSRR14710921\nSRR14710920\nSRR14710919\nSRR14710917\nSRR14710916\nSRR14710915\nSRR14710914\nSRR14710913\nSRR14710912\nSRR14710911\nSRR14710910\nSRR14710909\nSRR14710908\nSRR14710906\nSRR14710905\nSRR14710904\nSRR14710903\nSRR14710902\nSRR14710901\nSRR14710900\nSRR14710899\nSRR14710898\nSRR14710897\nSRR14710895\nSRR14710894\nSRR14710893\nSRR14710892\nSRR14710891\nSRR14710890\nSRR14710889\nSRR14710888\n"
                ]
            }
        ],
        "timestamp": "2023-10-01T12:33:57+0000"
    }
}